    Finished `release` profile [optimized] target(s) in 0.21s
Building for production...
[Planning deferred tasks]
[5 / 17]
[6 / 18] VeloEditCore
/Users/daniellineckij/VeloEdit/Sources/VeloEditCore/EditorialAudioMastering.swift:316:49: warning: 'tracks(withMediaType:)' was deprecated in macOS 13.0: Use loadTracks(withMediaType:) instead [#DeprecatedDeclaration]
314 |         let effectiveMix: AVAudioMix = mix ?? {
315 |             let unity = AVMutableAudioMix()
316 |             unity.inputParameters = composition.tracks(withMediaType: .audio).map { AVMutableAudioMixInputParameters(track: $0) }
    |                                                 `- warning: 'tracks(withMediaType:)' was deprecated in macOS 13.0: Use loadTracks(withMediaType:) instead [#DeprecatedDeclaration]
317 |             return unity
318 |         }()

/Users/daniellineckij/VeloEdit/Sources/VeloEditCore/NaturalChapterTransitions.swift:82:61: warning: variable 'sampledHead' was written to, but never read
 80 |             let rightTimes = times(starts: rightStarts, duration: right.sourceDuration, outgoing: false, fps: fps)
 81 |             var count = 0
 82 |             var sampledTail: [NaturalTransitionFrame] = [], sampledHead: [NaturalTransitionFrame] = []
    |                                                             `- warning: variable 'sampledHead' was written to, but never read
 83 |             var best: (match: NaturalTransitionMatch, left: Double, right: Double, leftStep: Double, rightStep: Double, score: Double)?
 84 |             var fallbackReason = "На границе частей нет убедительного совпадения изображения и движения; сохранена аккуратная склейка"

/Users/daniellineckij/VeloEdit/Sources/VeloEditCore/PerceptualReview.swift:1302:13: warning: initialization of immutable value 'frameStep' was never used; consider replacing with assignment to '_' or removing it [#NoUsage]
1300 |     public func inspect(playback: TimelinePlayback, timeline: Timeline, maximumSamples: Int = 4096, cancellationCheck: @Sendable () -> Bool = { Task.isCancelled }, progress: (@Sendable (FilmBuildProgress) -> Void)? = nil, trace: PerformanceTrace? = nil) -> [PerceptualRenderedFrameEvidence] {
1301 |         let limit = min(max(4, maximumSamples), 4096)
1302 |         let frameStep = 1 / max(15, timeline.frameRate)
     |             `- warning: initialization of immutable value 'frameStep' was never used; consider replacing with assignment to '_' or removing it [#NoUsage]
1303 |         let endingFade = FilmEndingFade(duration: timeline.endingFadeDuration, movieDuration: playback.duration, frameRate: timeline.frameRate)
1304 |         let primaries = TimelineTiming.retimed(timeline.items).filter { $0.kind != .title && $0.overlay == nil }

/Users/daniellineckij/VeloEdit/Sources/VeloEditCore/TransitionEffectRenderer.swift:767:37: warning: 'init(source:)' was deprecated in macOS 10.14: Core Image Kernel Language API deprecated. (Define CI_SILENCE_GL_DEPRECATION to silence these warnings) [#DeprecatedDeclaration]
 765 |     // Kernels use output coordinates, so portrait and offset render bounds
 766 |     // behave the same as landscape. All time variation is deterministic.
 767 |     private static let waveKernel = CIWarpKernel(source: """
     |                                     `- warning: 'init(source:)' was deprecated in macOS 10.14: Core Image Kernel Language API deprecated. (Define CI_SILENCE_GL_DEPRECATION to silence these warnings) [#DeprecatedDeclaration]
 768 |         kernel vec2 waveWarp(vec4 bounds, float amplitude, float phase, float frequency, float radial) {
 769 |             vec2 p = destCoord();

/Users/daniellineckij/VeloEdit/Sources/VeloEditCore/TransitionEffectRenderer.swift:778:42: warning: 'init(source:)' was deprecated in macOS 10.14: Core Image Kernel Language API deprecated. (Define CI_SILENCE_GL_DEPRECATION to silence these warnings) [#DeprecatedDeclaration]
 776 |         """)
 777 | 
 778 |     private static let shapeMaskKernel = CIColorKernel(source: """
     |                                          `- warning: 'init(source:)' was deprecated in macOS 10.14: Core Image Kernel Language API deprecated. (Define CI_SILENCE_GL_DEPRECATION to silence these warnings) [#DeprecatedDeclaration]
 779 |         kernel vec4 reveal(vec4 bounds, float progress, float softness, float rotation, float mode) {
 780 |             vec2 p = destCoord() - bounds.xy - bounds.zw * 0.5;

/Users/daniellineckij/VeloEdit/Sources/VeloEditCore/TransitionEffectRenderer.swift:802:42: warning: 'init(source:)' was deprecated in macOS 10.14: Core Image Kernel Language API deprecated. (Define CI_SILENCE_GL_DEPRECATION to silence these warnings) [#DeprecatedDeclaration]
 800 |         """)
 801 | 
 802 |     private static let shardMaskKernel = CIColorKernel(source: """
     |                                          `- warning: 'init(source:)' was deprecated in macOS 10.14: Core Image Kernel Language API deprecated. (Define CI_SILENCE_GL_DEPRECATION to silence these warnings) [#DeprecatedDeclaration]
 803 |         kernel vec4 shard(vec4 tile, float side) {
 804 |             vec2 uv = (destCoord() - tile.xy) / tile.zw;

/Users/daniellineckij/VeloEdit/Sources/VeloEditCore/TransitionEffectRenderer.swift:893:41: warning: 'init(source:)' was deprecated in macOS 10.14: Core Image Kernel Language API deprecated. (Define CI_SILENCE_GL_DEPRECATION to silence these warnings) [#DeprecatedDeclaration]
 891 |     }
 892 | 
 893 |     private static let rgbSplitKernel = CIColorKernel(source: """
     |                                         `- warning: 'init(source:)' was deprecated in macOS 10.14: Core Image Kernel Language API deprecated. (Define CI_SILENCE_GL_DEPRECATION to silence these warnings) [#DeprecatedDeclaration]
 894 |         kernel vec4 splitChannels(__sample red, __sample cyan, __sample original) {
 895 |             vec4 r = unpremultiply(red);

/Users/daniellineckij/VeloEdit/Sources/VeloEditCore/WebMusicProvider.swift:29:25: warning: consider using asynchronous alternative function
 27 |             if !probe.pending {
 28 |                 probe.pending = true
 29 |                 browser.evaluateJavaScript("""
    |                         `- warning: consider using asynchronous alternative function
 30 |        [8 / 19] VeloEditCore
         JSON.stringify({
 31 |                   blocked: !!document.querySelector('form[action*="anomaly"], #challenge-form'),

/Applications/Xcode.app/Contents/Developer/Platforms/MacOSX.platform/Developer/SDKs/MacOSX27.0.sdk/System/Library/Frameworks/WebKit.framework/Headers/WKWebView.h:269:1: note: 'evaluateJavaScript' declared here
267 |    - A `contentWorld` value of `WKContentWorld.pageWorld`
268 | */
269 | - (void)evaluateJavaScript:(NSString *)javaScriptString completionHandler:(WK_SWIFT_UI_ACTOR void (^ _Nullable)(id WK_NULLABLE_RESULT, NSError * _Nullable error))completionHandler;
    | `- note: 'evaluateJavaScript' declared here
270 | 
271 | /* @abstract Evaluates the given JavaScript string.

[#DeprecatedDeclaration]: <https://docs.swift.org/compiler/documentation/diagnostics/deprecated-declaration>
[#NoUsage]: <https://docs.swift.org/compiler/documentation/diagnostics/no-usage>
[11 / 16] VeloEdit-product
[13 / 17] VeloEdit-product
/Users/daniellineckij/VeloEdit/Sources/VeloEdit/AppModel.swift:1188:71: warning: 'weak' ownership of capture 'self' differs from implicitly-captured strong reference in outer scope [#ImplicitStrongCapture]
1183 |         isImporting = true
1184 |         importWarnings = []
1185 |         run("Импортирую материалы") {
     |                                     |- note: 'self' implicitly strongly captured here
     |                                     `- note: add 'self' as a capture list item to silence
1186 |             defer { self.isImporting = false }
1187 |             let previousAssetIDs = Set(self.project?.assets.map(\.id) ?? [])
1188 |             let errors = try await pipeline.importMedia(urls) { [weak self] item in
     |                                                                       |- warning: 'weak' ownership of capture 'self' differs from implicitly-captured strong reference in outer scope [#ImplicitStrongCapture]
     |                                                                       `- note: explicitly assign the capture list item to silence
1189 |                 Task { @MainActor in self?.setProgress(item, base: 0, span: 0.70, phase: "Импорт") }
1190 |             }

/Users/daniellineckij/VeloEdit/Sources/VeloEdit/AppModel.swift:1194:77: warning: 'weak' ownership of capture 'self' differs from implicitly-captured strong reference in outer scope [#ImplicitStrongCapture]
1183 |         isImporting = true
1184 |         importWarnings = []
1185 |         run("Импортирую материалы") {
     |                                     |- note: 'self' implicitly strongly captured here
     |                                     `- note: add 'self' as a capture list item to silence
1186 |             defer { self.isImporting = false }
1187 |             let previousAssetIDs = Set(self.project?.assets.map(\.id) ?? [])
     :
1192 |             self.activityTitle = "Создаю изображения предварительного просмотра исходников"
1193 |             self.progress = 0.70
1194 |             let thumbnailErrors = await pipeline.generateThumbnails { [weak self] item in
     |                                                                             |- warning: 'weak' ownership of capture 'self' differs from implicitly-captured strong reference in outer scope [#ImplicitStrongCapture]
     |                                                                             `- note: explicitly assign the capture list item to silence
1195 |                 Task { @MainActor in self?.setProgress(item, base: 0.70, span: 0.30, phase: "Предпросмотр") }
1196 |             }

/Users/daniellineckij/VeloEdit/Sources/VeloEdit/AppModel.swift:1228:107: warning: 'weak' ownership of capture 'self' differs from implicitly-captured strong reference in outer scope [#ImplicitStrongCapture]
1224 |         guard let pipeline, !isWorking else { return }
1225 |         isAnalyzing = true
1226 |         run("Анализирую материалы") {
     |                                     |- note: 'self' implicitly strongly captured here
     |                                     `- note: add 'self' as a capture list item to silence
1227 |             defer { self.isAnalyzing = false }
1228 |             let count = try await pipeline.analyzeMissing(preferredAssetID: self.selectedAssetID) { [weak self] item in
     |                                                                                                           |- warning: 'weak' ownership of capture 'self' differs from implicitly-captured strong reference in outer scope [#ImplicitStrongCapture]
     |                                                                                                           `- note: explicitly assign the capture list item to silence
1229 |                 Task { @MainActor in self?.setProgress(item, showsAnalysisFileProgress: true) }
1230 |             }

/Users/daniellineckij/VeloEdit/Sources/VeloEdit/AppModel.swift:1387:83: warning: 'weak' ownership of capture 'self' differs from implicitly-captured strong reference in outer scope [#ImplicitStrongCapture]
1383 |         aiModelDownloadProgress = 0
1384 |         if mode == aiPowerMode { aiVisionModelStatus = "Подготавливаю загрузку…" }
1385 |         Task {
     |              |- note: 'self' implicitly strongly captured here
     |              `- note: add 'self' as a capture list item to silence
1386 |             do {
1387 |                 try await LocalAIModelManager.shared.pull(model: modelID) { [weak self] update in
     |                                                                                   |- warning: 'weak' ownership of capture 'self' differs from implicitly-captured strong reference in outer scope [#ImplicitStrongCapture]
     |                                                                                   `- note: explicitly assign the capture list item to silence
1388 |                     Task { @MainActor in
1389 |                         self?.aiModelDownloadProgress = update.fraction

/Users/daniellineckij/VeloEdit/Sources/VeloEdit/AppModel.swift:1668:41: warning: 'weak' ownership of capture 'self' differs from implicitly-captured strong reference in outer scope [#ImplicitStrongCapture]
1618 |         directorGeneration &+= 1
1619 |         let responseGeneration = directorGeneration
1620 |         directorTask = Task {
     |                             |- note: 'self' implicitly strongly captured here
     |                             `- note: add 'self' as a capture list item to silence
1621 |             let activity = WorkActivity(reason: "Ответ и монтаж VeloEdit")
1622 |             defer { withExtendedLifetime(activity) {} }
     :
1666 |                 context: directorContext(selection: (submittedSelection, submittedPlayhead)),
1667 |                 mode: requestMode,
1668 |                 onPartialReply: { [weak self] text in
     |                                         |- warning: 'weak' ownership of capture 'self' differs from implicitly-captured strong reference in outer scope [#ImplicitStrongCapture]
     |                                         `- note: explicitly assign the capture list item to silence
1669 |                     guard let self, self.directorGeneration == responseGeneration else { return }
1670 |                     self.directorStatus = "\(text) · план ещё формируется"

/Users/daniellineckij/VeloEdit/Sources/VeloEdit/AppModel.swift:1890:71: warning: 'weak' ownership of capture 'self' differs from implicitly-captured strong reference in outer scope [#ImplicitStrongCapture]
1836 |         progress = 0
1837 |         isCreatingFilm = true
1838 |         run("Запускаю создание фильма") {
     |                                         |- note: 'self' implicitly strongly captured here
     |                                         `- note: add 'self' as a capture list item to silence
1839 |             defer { self.isCreatingFilm = false }
1840 |             do {
     :
1888 |                 self.beginUnmeasuredActivity(at: 0.60, step: .preparing)
1889 |                 let filmBuildGeneration = self.operationGeneration
1890 |                 let buildProgress: FilmBuildProgressHandler = { [weak self] update in
     |                                                                       |- warning: 'weak' ownership of capture 'self' differs from implicitly-captured strong reference in outer scope [#ImplicitStrongCapture]
     |                                                                       `- note: explicitly assign the capture list item to silence
1891 |                     await self?.setFilmBuildProgress(update, generation: filmBuildGeneration)
1892 |                 }

/Users/daniellineckij/VeloEdit/Sources/VeloEdit/AppModel.swift:1945:72: warning: 'weak' ownership of capture 'self' differs from implicitly-captured strong reference in outer scope [#ImplicitStrongCapture]
1836 |         progress = 0
1837 |         isCreatingFilm = true
1838 |         run("Запускаю создание фильма") {
     |                                         |- note: 'self' implicitly strongly captured here
     |                                         `- note: add 'self' as a capture list item to silence
1839 |             defer { self.isCreatingFilm = false }
1840 |             do {
     :
1943 |                 self.status = "Соединяю \(timeline.items.count) фрагментов в одну композицию"
1944 |                 self.beginUnmeasuredActivity(at: 0.84, step: .playback)
1945 |                 let playback = try await pipeline.makePlayback { [weak self] item in
     |                                                                        |- warning: 'weak' ownership of capture 'self' differs from implicitly-captured strong reference in outer scope [#ImplicitStrongCapture]
     |                                                                        `- note: explicitly assign the capture list item to silence
1946 |                     Task { @MainActor in
1947 |                         guard let self, self.isWorking, self.isCreatingFilm,

/Users/daniellineckij/VeloEdit/Sources/VeloEdit/AppModel.swift:2024:62: warning: 'weak' ownership of capture 'self' differs from implicitly-captured strong reference in outer scope [#ImplicitStrongCapture]
2018 |         projectRestoreTask = nil
2019 |         isCreatingFilm = true
2020 |         run("Продолжаю сохранённую сборку") {
     |                                             |- note: 'self' implicitly strongly captured here
     |                                             `- note: add 'self' as a capture list item to silence
2021 |             defer { self.isCreatingFilm = false }
2022 |             self.beginUnmeasuredActivity(at: 0, step: .finishing)
2023 |             let generation = self.operationGeneration
2024 |             let callback: FilmBuildProgressHandler = { [weak self] update in
     |                                                              |- warning: 'weak' ownership of capture 'self' differs from implicitly-captured strong reference in outer scope [#ImplicitStrongCapture]
     |                                                              `- note: explicitly assign the capture list item to silence
2025 |                 await self?.setFilmBuildProgress(update, generation: generation)
2026 |             }

/Users/daniellineckij/VeloEdit/Sources/VeloEdit/AppModel.swift:2032:68: warning: 'weak' ownership of capture 'self' differs from implicitly-captured strong reference in outer scope [#ImplicitStrongCapture]
2018 |         projectRestoreTask = nil
2019 |         isCreatingFilm = true
2020 |         run("Продолжаю сохранённую сборку") {
     |                                             |- note: 'self' implicitly strongly captured here
     |                                             `- note: add 'self' as a capture list item to silence
2021 |             defer { self.isCreatingFilm = false }
2022 |             self.beginUnmeasuredActivity(at: 0, step: .finishing)
     :
2030 |             self.activityTitle = "Готовлю просмотр фильма"
2031 |             self.beginUnmeasuredActivity(at: 0.84, step: .playback)
2032 |             let playback = try await pipeline.makePlayback { [weak self] item in
     |                                                                    |- warning: 'weak' ownership of capture 'self' differs from implicitly-captured strong reference in outer scope [#ImplicitStrongCapture]
     |                                                                    `- note: explicitly assign the capture list item to silence
2033 |                 Task { @MainActor in
2034 |                     guard let self, self.isWorking, self.isCreatingFilm,

/Users/daniellineckij/VeloEdit/Sources/VeloEdit/AppModel.swift:2171:120: warning: 'weak' ownership of capture 'self' differs from implicitly-captured strong reference in outer scope [#ImplicitStrongCapture]
2168 |         }
2169 |         guard let pipeline else { return }
2170 |         run("Готовлю предварительный просмотр") {
     |                                                 |- note: 'self' implicitly strongly captured here
     |                                                 `- note: add 'self' as a capture list item to silence
2171 |             let playback = try await pipeline.makePlayback(interactiveQuality: Self.interactivePreviewQuality) { [weak self] item in
     |                                                                                                                        |- warning: 'weak' ownership of capture 'self' differs from implicitly-captured strong reference in outer scope [#ImplicitStrongCapture]
     |                                                                                                                        `- note: explicitly assign the capture list item to silence
2172 |                 Task { @MainActor in self?.setProgress(item) }
2173 |             }

/Users/daniellineckij/VeloEdit/Sources/VeloEdit/AppModel.swift:2193:76: warning: 'weak' ownership of capture 'self' differs from implicitly-captured strong reference in outer scope [#ImplicitStrongCapture]
2190 |         panel.allowedContentTypes = [.quickTimeMovie]
2191 |         guard panel.runModal() == .OK, let url = panel.url else { return }
2192 |         run("Экспортирую прозрачную телеметрию", completionNotification: "Экспорт завершён") {
     |                                                                                              |- note: 'self' implicitly strongly captured here
     |                                                                                              `- note: add 'self' as a capture list item to silence
2193 |             _ = try await pipeline.renderTelemetryOverlay(to: url) { [weak self] item in
     |                                                                            |- warning: 'weak' ownership of capture 'self' differs from implicitly-captured strong reference in outer scope [#ImplicitStrongCapture]
     |                                                                            `- note: explicitly assign the capture list item to silence
2194 |                 Task { @MainActor in self?.setProgress(item) }
2195 |             }

/Users/daniellineckij/VeloEdit/Sources/VeloEdit/AppModel.swift:2234:125: warning: 'weak' ownership of capture 'self' differs from implicitly-captured strong reference in outer scope [#ImplicitStrongCapture]
2229 |     func saveVideo() {
2230 |         guard let pipeline, timeline != nil, !isWorking else { return }
2231 |         run("Сохраняю видео", completionNotification: "Видео сохранено") {
     |                                                                          |- note: 'self' implicitly strongly captured here
     |                                                                          `- note: add 'self' as a capture list item to silence
2232 |             try await self.commitTimelineForExport(using: pipeline)
2233 |             let url = await pipeline.defaultVideoDestination()
2234 |             let report = try await pipeline.render(to: url, quality: .maximum, frameRate: self.timeline?.frameRate) { [weak self] item in
     |                                                                                                                             |- warning: 'weak' ownership of capture 'self' differs from implicitly-captured strong reference in outer scope [#ImplicitStrongCapture]
     |                                                                                                                             `- note: explicitly assign the capture list item to silence
2235 |                 Task { @MainActor in self?.setProgress(item) }
2236 |             }

/Users/daniellineckij/VeloEdit/Sources/VeloEdit/AppModel.swift:2253:132: warning: 'weak' ownership of capture 'self' differs from implicitly-captured strong reference in outer scope [#ImplicitStrongCapture]
2249 |         panel.allowedContentTypes = [.mpeg4Movie]
2250 |         guard panel.runModal() == .OK, let url = panel.url else { return }
2251 |         run("Сохраняю видео", completionNotification: "Видео сохранено") {
     |                                                                          |- note: 'self' implicitly strongly captured here
     |                                                                          `- note: add 'self' as a capture list item to silence
2252 |             try await self.commitTimelineForExport(using: pipeline)
2253 |             let report = try await pipeline.render(to: url, quality: quality, frameRate: frameRate, replaceExisting: true) { [weak self] item in
     |                                                                                                                                    |- warning: 'weak' ownership of capture 'self' differs from implicitly-captured strong reference in outer scope [#ImplicitStrongCapture]
     |                                                                                                                                    `- note: explicitly assign the capture list item to silence
2254 |                 Task { @MainActor in self?.setProgress(item) }
2255 |             }

/Users/daniellineckij/VeloEdit/Sources/VeloEdit/AppModel.swift:2477:80: warning: 'weak' ownership of capture 'self' differs from implicitly-captured strong reference in outer scope [#ImplicitStrongCapture]
2474 |         guard let pipeline, let projectURL, !isWorking else { return }
2475 |         let destination = projectURL.deletingLastPathComponent().appendingPathComponent("\(project?.name ?? "Проект") — копия \(UUID().uuidString.prefix(6)).veloedit")
2476 |         run("Собираю копию проекта") {
     |                                      |- note: 'self' implicitly strongly captured here
     |                                      `- note: add 'self' as a capture list item to silence
2477 |             _ = try await pipeline.collectProjectCopy(to: destination) { [weak self] update in
     |                                                                                |- warning: 'weak' ownership of capture 'self' differs from implicitly-captured strong reference in outer scope [#ImplicitStrongCapture]
     |                                                                                `- note: explicitly assign the capture list item to silence
2478 |                 Task { @MainActor in self?.setProgress(update) }
2479 |             }

/Users/daniellineckij/VeloEdit/Sources/VeloEdit/AppModel.swift:4121:41: warning: 'weak' ownership of capture 'self' differs from implicitly-captured strong reference in outer scope [#ImplicitStrongCapture]
4105 |         progress = 0
4106 |         isCreatingFilm = true
4107 |         run("ИИ применяет комментарий к монтажу", presentation: .editorAI) {
     |                                                                            |- note: 'self' implicitly strongly captured here
     |                                                                            `- note: add 'self' as a capture list item to silence
4108 |             defer { self.isCreatingFilm = false }
4109 |             self.activityTitle = "Понимаю монтажную правку"
     :
4119 |                 mode: .edit,
4120 |                 recordInHistory: false,
4121 |                 onPartialReply: { [weak self] text in self?.status = "\(text) · ожидаю полный план" }
     |                                         |- warning: 'weak' ownership of capture 'self' differs from implicitly-captured strong reference in outer scope [#ImplicitStrongCapture]
     |                                         `- note: explicitly assign the capture list item to silence
4122 |             )
4123 |             try Task.checkCancellation()

/Users/daniellineckij/VeloEdit/Sources/VeloEdit/AppModel.swift:6758:52: warning: 'weak' ownership of capture 'self' differs from implicitly-captured strong reference in outer scope [#ImplicitStrongCapture]
6661 |             await self?.setFilmBuildProgress(update, generation: runGeneration)
6662 |         }
6663 |         activeTask = Task {
     |                           |- note: 'self' implicitly strongly captured here
     |                           `- note: add 'self' as a capture list item to silence
6664 |             let activity = WorkActivity(reason: initialStatus)
6665 |             defer { withExtendedLifetime(activity) {} }
     :
6756 |                 isActivityComplete = completedSuccessfully
6757 |                 if completedSuccessfully { progress = 1 }
6758 |                 activityDismissTask = Task { [weak self] in
     |                                                    |- warning: 'weak' ownership of capture 'self' differs from implicitly-captured strong reference in outer scope [#ImplicitStrongCapture]
     |                                                    `- note: explicitly assign the capture list item to silence
6759 |                     try? await Task.sleep(for: .seconds(completedSuccessfully ? 3.2 : 1.5))
6760 |                     guard !Task.isCancelled else { return }

/Users/daniellineckij/VeloEdit/Sources/VeloEdit/AppModel.swift:6771:37: warning: 'weak' ownership of capture 'self' differs from implicitly-captured strong reference in outer scope [#ImplicitStrongCapture]
6661 |             await self?.setFilmBuildProgress(update, generation: runGeneration)
6662 |         }
6663 |         activeTask = Task {
     |                           |- note: 'self' implicitly strongly captured here
     |                           `- note: add 'self' as a capture list item to silence
6664 |             let activity = WorkActivity(reason: initialStatus)
6665 |             defer { withExtendedLifetime(activity) {} }
     :
6769 |                 }
6770 |             }
6771 |             Task { @MainActor [weak self] in
     |                                     |- warning: 'weak' ownership of capture 'self' differs from implicitly-captured strong reference in outer scope [#ImplicitStrongCapture]
     |                                     `- note: explicitly assign the capture list item to silence
6772 |                 try? await Task.sleep(for: .milliseconds(retryAfterConflict ? 350 : 120))
6773 |                 guard let self else { return }

[#ImplicitStrongCapture]: <https://docs.swift.org/compiler/documentation/diagnostics/implicit-strong-capture>
[15 / 17] VeloEdit-product
[16 / 17] VeloEdit-product
Build complete! (165,80 с)
Building for production...
[Planning deferred tasks]
[4 / 17]
[8 / 24] OnnxRuntimeBindings
[9 / 25] ArgmaxCore
[10 / 25] OnnxRuntimeBindings
[11 / 25] OnnxRuntimeBindings
[12 / 25] OnnxRuntimeBindings
[13 / 25] OnnxRuntimeBindings
[14 / 25] OnnxRuntimeBindings
[16 / 25] ArgmaxCore
[17 / 25] ArgmaxCore
[20 / 27] WhisperKit
[22 / 28] WhisperKit
/Users/daniellineckij/VeloEdit/ThirdParty/ArgmaxOSS/Sources/WhisperKit/Core/Audio/AudioStreamTranscriber.swift:221:26: warning: 'weak' ownership of capture 'self' differs from implicitly-captured strong reference in outer scope [#ImplicitStrongCapture]
218 |         let checkWindow = compressionCheckWindow
219 |         return try await transcribeTask
220 |             .run(audioArray: samples, decodeOptions: options) { [options] progress in
    |                                                               |- note: 'self' implicitly strongly captured here
    |                                                               `- note: add 'self' as a capture list item to silence
221 |             Task { [weak self] in
    |                          |- warning: 'weak' ownership of capture 'self' differs from implicitly-captured strong reference in outer scope [#ImplicitStrongCapture]
    |                          `- note: explicitly assign the capture list item to silence
222 |                 await self?.onProgressCallback(progress)
223 |             }

/Users/daniellineckij/VeloEdit/ThirdParty/ArgmaxOSS/Sources/WhisperKit/Core/Audio/EnergyVAD.swift:7:20: warning: class 'EnergyVAD' must restate inherited '@unchecked Sendable' conformance
 5 | 
 6 | /// Voice activity detection based on energy threshold
 7 | public final class EnergyVAD: VoiceActivityDetector {
   |                    `- warning: class 'EnergyVAD' must restate inherited '@unchecked Sendable' conformance
 8 |     public let energyThreshold: Float
 9 | 

/Users/daniellineckij/VeloEdit/ThirdParty/ArgmaxOSS/Sources/WhisperKit/Core/Text/LogitsFilter.swift:174:22: warning: 'applyActivation(activation:input:output:batchSize:filterParameters:)' is deprecated: Use the BNNSGraph API instead. [#DeprecatedDeclaration]
172 | 
173 |         do {
174 |             try BNNS.applyActivation(
    |                      `- warning: 'applyActivation(activation:input:output:batchSize:filterParameters:)' is deprecated: Use the BNNSGraph API instead. [#DeprecatedDeclaration]
175 |                 activation: BNNS.ActivationFunction.logSoftmax,
176 |                 input: logprobsInputDescriptor,

/Users/daniellineckij/VeloEdit/ThirdParty/ArgmaxOSS/Sources/WhisperKit/Core/Text/LogitsFilter.swift:175:34: warning: 'ActivationFunction' is deprecated: Use the BNNSGraph API instead. [#DeprecatedDeclaration]
173 |         do {
174 |             try BNNS.applyActivation(
175 |                 activation: BNNS.ActivationFunction.logSoftmax,
    |                                  `- warning: 'ActivationFunction' is deprecated: Use the BNNSGraph API instead. [#DeprecatedDeclaration]
176 |                 input: logprobsInputDescriptor,
177 |                 output: logprobs,

/Users/daniellineckij/VeloEdit/ThirdParty/ArgmaxOSS/Sources/WhisperKit/Core/Text/TokenSampler.swift:116:27: warning: 'applyActivation(activation:input:output:batchSize:filterParameters:)' is deprecated: Use the BNNSGraph API instead. [#DeprecatedDeclaration]
114 |                 )
115 | 
116 |                 try! BNNS.applyActivation(
    |                           `- warning: 'applyActivation(activation:input:output:batchSize:filterParameters:)' is deprecated: Use the BNNSGraph API instead. [#DeprecatedDeclaration]
117 |                     activation: BNNS.ActivationFunction.linear(alpha: Float(1 / temperature)),
118 |                     input: logitsDescriptor,

/Users/daniellineckij/VeloEdit/ThirdParty/ArgmaxOSS/Sources/WhisperKit/Core/Text/TokenSampler.swift:117:38: warning: 'ActivationFunction' is deprecated: Use the BNNSGraph API instead. [#DeprecatedDeclaration]
115 | 
116 |                 try! BNNS.applyActivation(
117 |                     activation: BNNS.ActivationFunction.linear(alpha: Float(1 / temperature)),
    |                                      `- warning: 'ActivationFunction' is deprecated: Use the BNNSGraph API instead. [#DeprecatedDeclaration]
118 |                     input: logitsDescriptor,
119 |                     output: scaledLogits,

/Users/daniellineckij/VeloEdit/ThirdParty/ArgmaxOSS/Sources/WhisperKit/Core/Text/TokenSampler.swift:133:22: warning: 'applyActivation(activation:input:output:batchSize:filterParameters:)' is deprecated: Use the BNNSGraph API instead. [#DeprecatedDeclaration]
131 |             )
132 | 
133 |             try BNNS.applyActivation(
    |                      `- warning: 'applyActivation(activation:input:output:batchSize:filterParameters:)' is deprecated: Use the BNNSGraph API instead. [#DeprecatedDeclaration]
134 |                 activation: BNNS.ActivationFunction.softmax,
135 |                 input: softmaxInput!,

/Users/daniellineckij/VeloEdit/ThirdParty/ArgmaxOSS/Sources/WhisperKit/Core/Text/TokenSampler.swift:134:34: warning: 'ActivationFunction' is deprecated: Use the BNNSGraph API instead. [#DeprecatedDeclaration]
132 | 
133 |             try BNNS.applyActivation(
134 |                 activation: BNNS.ActivationFunction.softmax,
    |                                  `- warning: 'ActivationFunction' is deprecated: Use the BNNSGraph API instead. [#DeprecatedDeclaration]
135 |                 input: softmaxInput!,
136 |                 output: softmaxOutput!,

[#DeprecatedDeclaration]: <https://docs.swift.org/compiler/documentation/diagnostics/deprecated-declaration>
[#ImplicitStrongCapture]: <https://docs.swift.org/compiler/documentation/diagnostics/implicit-strong-capture>
[25 / 28] VeloEditSpeechWorker-product
[27 / 30] VeloEditSpeechWorker-product
[29 / 30] VeloEditSpeechWorker-product
[30 / 30] VeloEditSpeechWorker-product
Build complete! (17,93 с)
/tmp/veloedit-app.XEiowV/VeloEdit.app: replacing existing signature
/Users/daniellineckij/VeloEdit/Build/VeloEdit.app
